[INFO] Scanning for projects...
[INFO] 
[INFO] -----------------------< com.hexaware:portfolio >-----------------------
[INFO] Building  0.0.1-SNAPSHOT
[INFO]   from pom.xml
[INFO] --------------------------------[ jar ]---------------------------------
[INFO] 
[INFO] >>> spring-boot:3.3.5:run (default-cli) > test-compile @ portfolio >>>
[INFO] 
[INFO] --- resources:3.3.1:resources (default-resources) @ portfolio ---
[INFO] Copying 1 resource from src\main\resources to target\classes
[INFO] Copying 0 resource from src\main\resources to target\classes
[INFO] 
[INFO] --- compiler:3.13.0:compile (default-compile) @ portfolio ---
[INFO] Recompiling the module because of changed source code.
[INFO] Compiling 48 source files with javac [debug parameters release 17] to target\classes
[INFO] /C:/Project/Portfolio-management-System/portfolio/src/main/java/com/hexaware/portfolio/batch/reader/HistoricalPriceCsvReader.java: C:\Project\Portfolio-management-System\portfolio\src\main\java\com\hexaware\portfolio\batch\reader\HistoricalPriceCsvReader.java uses or overrides a deprecated API.
[INFO] /C:/Project/Portfolio-management-System/portfolio/src/main/java/com/hexaware/portfolio/batch/reader/HistoricalPriceCsvReader.java: Recompile with -Xlint:deprecation for details.
[INFO] -------------------------------------------------------------
[ERROR] COMPILATION ERROR : 
[INFO] -------------------------------------------------------------
[ERROR] /C:/Project/Portfolio-management-System/portfolio/src/main/java/com/hexaware/portfolio/security/service/DailyPriceScheduler.java:[212,59] cannot find symbol
  symbol:   method asString()
  location: variable value of type com.fasterxml.jackson.databind.JsonNode
[ERROR] /C:/Project/Portfolio-management-System/portfolio/src/main/java/com/hexaware/portfolio/security/service/DailyPriceScheduler.java:[213,29] cannot find symbol
  symbol:   method asString()
  location: variable value of type com.fasterxml.jackson.databind.JsonNode
[INFO] 2 errors 
[INFO] -------------------------------------------------------------
[INFO] ------------------------------------------------------------------------
[INFO] BUILD FAILURE
[INFO] ------------------------------------------------------------------------
[INFO] Total time:  15.409 s
[INFO] Finished at: 2026-09-26T12:08:28+05:30
[INFO] ------------------------------------------------------------------------
[ERROR] Failed to execute goal org.apache.maven.plugins:maven-compiler-plugin:3.13.0:compile (default-compile) on project portfolio: Compilation failure: Compilation failure: 
[ERROR] /C:/Project/Portfolio-management-System/portfolio/src/main/java/com/hexaware/portfolio/security/service/DailyPriceScheduler.java:[212,59] cannot find symbol
[ERROR]   symbol:   method asString()
[ERROR]   location: variable value of type com.fasterxml.jackson.databind.JsonNode
[ERROR] /C:/Project/Portfolio-management-System/portfolio/src/main/java/com/hexaware/portfolio/security/service/DailyPriceScheduler.java:[213,29] cannot find symbol
[ERROR]   symbol:   method asString()
[ERROR]   location: variable value of type com.fasterxml.jackson.databind.JsonNode
[ERROR] -> [Help 1]
[ERROR] 
[ERROR] To see the full stack trace of the errors, re-run Maven with the -e switch.
[ERROR] Re-run Maven using the -X switch to enable full debug logging.
[ERROR] 
[ERROR] For more information about the errors and possible solutions, please read the following articles:
[ERROR] [Help 1] http://cwiki.apache.org/confluence/display/MAVEN/MojoFailureException
